# my apogee config — hand-edited, and every word of it must survive a settings write

# =============================================================================
# Which servers: entry a session starts on.
#   flag: --server   env: APOGEE_SERVER
# server: my-box
server: box

# =============================================================================
# Autonomy mode: how tool calls are gated.
# mode: ask-before
mode: auto

# Name new sessions from their first prompt.
# auto-title: false
auto-title: false

# =============================================================================
# The model's context window in tokens. Unset = discovered from the server.
# context-window: 32768

# =============================================================================
# ui:
#   spinner: snake         # snake | glitter | classic
#   spinner-color: true    # the 10s colour loop
#   show-scrollbar: true   # false = no scroll bar
ui:
  spinner: glitter           # my pick, and this note stays put

# =============================================================================
# present:
#   auto-open: true      # open documents on a LOCAL desktop run
#   port: 0              # the built-in server's port
present:
  auto-open: false
